{"name":"Test","protocol_version":"3","integration_version":"0.0.1","data":[{"metrics":[],"inventory":{"config/process/id":{"value":0},"config/process/mlockall":{"value":false}},"events":[]}]}