{"cluster.dataNodes":3,"cluster.nodes":6,"cluster.status":"yellow","displayName":"es6-dev-cluster","entityName":"es-cluster:es6-dev-cluster","event_type":"ElasticsearchClusterSample","shards.active":30,"shards.initializing":0,"shards.primaryActive":10,"shards.relocating":0,"shards.unassigned":7}