{"displayName":"commonMetrics","entityName":"common:commonMetrics","event_type":"ElasticsearchCommonSample","primaries.docsDeleted":0,"primaries.docsnumber":2,"primaries.flushTotalTimeInMilliseconds":15,"primaries.flushesTotal":10,"primaries.get.documentsExist":0,"primaries.get.documentsExistInMiliseconds":0,"primaries.get.documentsMissing":0,"primaries.get.documentsMissingInMiliseconds":0,"primaries.get.requests":0,"primaries.get.requestsCurrent":0,"primaries.get.requestsInMiliseconds":0,"primaries.index.docsCurrentlyDeleted":0,"primaries.index.docsCurrentlyDeletedInMiliseconds":0,"primaries.index.docsCurrentlyIndexing":0,"primaries.index.docsCurrentlyIndexingInMiliseconds":67,"primaries.index.docsDeleted":0,"primaries.index.docsTotal":1,"primaries.indexRefreshesTotal":46,"primaries.indexRefreshesTotalInMiliseconds":88,"primaries.merges.current":0,"primaries.merges.docsSegementsCurrentlyMerged":0,"primaries.merges.docsTotal":0,"primaries.merges.segementsCurrentlyMergedInBytes":0,"primaries.merges.segementsTotal":0,"primaries.merges.segmentsTotalInBytes":0,"primaries.merges.segmentsTotalInMiliseconds":0,"primaries.queriesInMiliseconds":0,"primaries.queriesTotal":0,"primaries.queryActive":0,"primaries.queryFetches":0,"primaries.queryFetchesInMiliseconds":0,"primaries.queryFetchesTotal":0,"primaries.sizeInBytes":9364}