{"name":"Test","protocol_version":"2","integration_version":"0.0.1","data":[{"metrics":[],"inventory":{"config":{"ingest":"append,convert,date,date_index_name,dot_expander,fail,foreach,grok,gsub,join,json,kv,lowercase,remove,rename,script,set,set_security_user,sort,split,trim,uppercase,urldecode","modules.aggs-matrix-stats.classname":"org.elasticsearch.search.aggregations.matrix.MatrixAggregationPlugin","modules.aggs-matrix-stats.description":"Adds aggregations whose input are a list of numeric fields and output includes a matrix.","modules.aggs-matrix-stats.elasticsearch_version":"6.3.2","modules.aggs-matrix-stats.java_version":"1.8","modules.aggs-matrix-stats.version":"6.3.2","modules.analysis-common.classname":"org.elasticsearch.analysis.common.CommonAnalysisPlugin","modules.analysis-common.description":"Adds \"built in\" analyzers to Elasticsearch.","modules.analysis-common.elasticsearch_version":"6.3.2","modules.analysis-common.java_version":"1.8","modules.analysis-common.version":"6.3.2","modules.ingest-common.classname":"org.elasticsearch.ingest.common.IngestCommonPlugin","modules.ingest-common.description":"Module for ingest processors that do not require additional security permissions or have large dependencies and resources","modules.ingest-common.elasticsearch_version":"6.3.2","modules.ingest-common.java_version":"1.8","modules.ingest-common.version":"6.3.2","modules.lang-expression.classname":"org.elasticsearch.script.expression.ExpressionPlugin","modules.lang-expression.description":"Lucene expressions integration for Elasticsearch","modules.lang-expression.elasticsearch_version":"6.3.2","modules.lang-expression.java_version":"1.8","modules.lang-expression.version":"6.3.2","modules.lang-mustache.classname":"org.elasticsearch.script.mustache.MustachePlugin","modules.lang-mustache.description":"Mustache scripting integration for Elasticsearch","modules.lang-mustache.elasticsearch_version":"6.3.2","modules.lang-mustache.java_version":"1.8","modules.lang-mustache.version":"6.3.2","modules.lang-painless.classname":"org.elasticsearch.painless.PainlessPlugin","modules.lang-painless.description":"An easy, safe and fast scripting language for Elasticsearch","modules.lang-painless.elasticsearch_version":"6.3.2","modules.lang-painless.java_version":"1.8","modules.lang-painless.version":"6.3.2","modules.mapper-extras.classname":"org.elasticsearch.index.mapper.MapperExtrasPlugin","modules.mapper-extras.description":"Adds advanced field mappers","modules.mapper-extras.elasticsearch_version":"6.3.2","modules.mapper-extras.java_version":"1.8","modules.mapper-extras.version":"6.3.2","modules.parent-join.classname":"org.elasticsearch.join.ParentJoinPlugin","modules.parent-join.description":"This module adds the support parent-child queries and aggregations","modules.parent-join.elasticsearch_version":"6.3.2","modules.parent-join.java_version":"1.8","modules.parent-join.version":"6.3.2","modules.percolator.classname":"org.elasticsearch.percolator.PercolatorPlugin","modules.percolator.description":"Percolator module adds capability to index queries and query these queries by specifying documents","modules.percolator.elasticsearch_version":"6.3.2","modules.percolator.java_version":"1.8","modules.percolator.version":"6.3.2","modules.rank-eval.classname":"org.elasticsearch.index.rankeval.RankEvalPlugin","modules.rank-eval.description":"The Rank Eval module adds APIs to evaluate ranking quality.","modules.rank-eval.elasticsearch_version":"6.3.2","modules.rank-eval.java_version":"1.8","modules.rank-eval.version":"6.3.2","modules.reindex.classname":"org.elasticsearch.index.reindex.ReindexPlugin","modules.reindex.description":"The Reindex module adds APIs to reindex from one index to another or update documents in place.","modules.reindex.elasticsearch_version":"6.3.2","modules.reindex.java_version":"1.8","modules.reindex.version":"6.3.2","modules.repository-url.classname":"org.elasticsearch.plugin.repository.url.URLRepositoryPlugin","modules.repository-url.description":"Module for URL repository","modules.repository-url.elasticsearch_version":"6.3.2","modules.repository-url.java_version":"1.8","modules.repository-url.version":"6.3.2","modules.transport-netty4.classname":"org.elasticsearch.transport.Netty4Plugin","modules.transport-netty4.description":"Netty 4 based transport implementation","modules.transport-netty4.elasticsearch_version":"6.3.2","modules.transport-netty4.java_version":"1.8","modules.transport-netty4.version":"6.3.2","modules.tribe.classname":"org.elasticsearch.tribe.TribePlugin","modules.tribe.description":"Tribe module","modules.tribe.elasticsearch_version":"6.3.2","modules.tribe.java_version":"1.8","modules.tribe.version":"6.3.2","modules.x-pack-core.classname":"org.elasticsearch.xpack.core.XPackPlugin","modules.x-pack-core.description":"Elasticsearch Expanded Pack Plugin - Core","modules.x-pack-core.elasticsearch_version":"6.3.2","modules.x-pack-core.java_version":"1.8","modules.x-pack-core.version":"6.3.2","modules.x-pack-deprecation.classname":"org.elasticsearch.xpack.deprecation.Deprecation","modules.x-pack-deprecation.description":"Elasticsearch Expanded Pack Plugin - Deprecation","modules.x-pack-deprecation.elasticsearch_version":"6.3.2","modules.x-pack-deprecation.java_version":"1.8","modules.x-pack-deprecation.version":"6.3.2","modules.x-pack-graph.classname":"org.elasticsearch.xpack.graph.Graph","modules.x-pack-graph.description":"Elasticsearch Expanded Pack Plugin - Graph","modules.x-pack-graph.elasticsearch_version":"6.3.2","modules.x-pack-graph.java_version":"1.8","modules.x-pack-graph.version":"6.3.2","modules.x-pack-logstash.classname":"org.elasticsearch.xpack.logstash.Logstash","modules.x-pack-logstash.description":"Elasticsearch Expanded Pack Plugin - Logstash","modules.x-pack-logstash.elasticsearch_version":"6.3.2","modules.x-pack-logstash.java_version":"1.8","modules.x-pack-logstash.version":"6.3.2","modules.x-pack-ml.classname":"org.elasticsearch.xpack.ml.MachineLearning","modules.x-pack-ml.description":"Elasticsearch Expanded Pack Plugin - Machine Learning","modules.x-pack-ml.elasticsearch_version":"6.3.2","modules.x-pack-ml.java_version":"1.8","modules.x-pack-ml.version":"6.3.2","modules.x-pack-monitoring.classname":"org.elasticsearch.xpack.monitoring.Monitoring","modules.x-pack-monitoring.description":"Elasticsearch Expanded Pack Plugin - Monitoring","modules.x-pack-monitoring.elasticsearch_version":"6.3.2","modules.x-pack-monitoring.java_version":"1.8","modules.x-pack-monitoring.version":"6.3.2","modules.x-pack-rollup.classname":"org.elasticsearch.xpack.rollup.Rollup","modules.x-pack-rollup.description":"Elasticsearch Expanded Pack Plugin - Rollup","modules.x-pack-rollup.elasticsearch_version":"6.3.2","modules.x-pack-rollup.java_version":"1.8","modules.x-pack-rollup.version":"6.3.2","modules.x-pack-security.classname":"org.elasticsearch.xpack.security.Security","modules.x-pack-security.description":"Elasticsearch Expanded Pack Plugin - Security","modules.x-pack-security.elasticsearch_version":"6.3.2","modules.x-pack-security.java_version":"1.8","modules.x-pack-security.version":"6.3.2","modules.x-pack-sql.classname":"org.elasticsearch.xpack.sql.plugin.SqlPlugin","modules.x-pack-sql.description":"The Elasticsearch plugin that powers SQL for Elasticsearch","modules.x-pack-sql.elasticsearch_version":"6.3.2","modules.x-pack-sql.java_version":"1.8","modules.x-pack-sql.version":"6.3.2","modules.x-pack-upgrade.classname":"org.elasticsearch.xpack.upgrade.Upgrade","modules.x-pack-upgrade.description":"Elasticsearch Expanded Pack Plugin - Upgrade","modules.x-pack-upgrade.elasticsearch_version":"6.3.2","modules.x-pack-upgrade.java_version":"1.8","modules.x-pack-upgrade.version":"6.3.2","modules.x-pack-watcher.classname":"org.elasticsearch.xpack.watcher.Watcher","modules.x-pack-watcher.description":"Elasticsearch Expanded Pack Plugin - Watcher","modules.x-pack-watcher.elasticsearch_version":"6.3.2","modules.x-pack-watcher.java_version":"1.8","modules.x-pack-watcher.version":"6.3.2","plugins.analysis-icu.classname":"org.elasticsearch.plugin.analysis.icu.AnalysisICUPlugin","plugins.analysis-icu.description":"The ICU Analysis plugin integrates Lucene ICU module into elasticsearch, adding ICU relates analysis components.","plugins.analysis-icu.elasticsearch_version":"6.3.2","plugins.analysis-icu.java_version":"1.8","plugins.analysis-icu.version":"6.3.2","process.id":15171,"process.mlockall":false,"process.refresh_interval_in_millis":1000}},"events":[]}]}