{"displayName":"rj_6yR2fSLWNxMHvw7QSiw","entityName":"index:rj_6yR2fSLWNxMHvw7QSiw","event_type":"ElasticsearchIndexSample","index.docs":"1","index.docsDeleted":"0","index.health":"green","index.primaryShareds":"3","index.primaryStoreSizeInBytes":"4kb","index.replicaShards":"2","index.storeSizeInBytes":"12kb"}